C:/Users/onluk/OneDrive/Desktop/CLONED 391 REPO/elec391/Piano_Bot/cubemx_testing/Core/Src/main.c:77:5:main	8	static
C:/Users/onluk/OneDrive/Desktop/CLONED 391 REPO/elec391/Piano_Bot/cubemx_testing/Core/Src/main.c:134:6:SystemClock_Config	88	static
C:/Users/onluk/OneDrive/Desktop/CLONED 391 REPO/elec391/Piano_Bot/cubemx_testing/Core/Src/main.c:176:13:MX_I2C1_Init	8	static
C:/Users/onluk/OneDrive/Desktop/CLONED 391 REPO/elec391/Piano_Bot/cubemx_testing/Core/Src/main.c:210:13:MX_SPI1_Init	8	static
C:/Users/onluk/OneDrive/Desktop/CLONED 391 REPO/elec391/Piano_Bot/cubemx_testing/Core/Src/main.c:248:13:MX_TIM2_Init	56	static
C:/Users/onluk/OneDrive/Desktop/CLONED 391 REPO/elec391/Piano_Bot/cubemx_testing/Core/Src/main.c:297:13:MX_TIM3_Init	48	static
C:/Users/onluk/OneDrive/Desktop/CLONED 391 REPO/elec391/Piano_Bot/cubemx_testing/Core/Src/main.c:350:13:MX_GPIO_Init	48	static
C:/Users/onluk/OneDrive/Desktop/CLONED 391 REPO/elec391/Piano_Bot/cubemx_testing/Core/Src/main.c:406:6:ReadEncoder	16	static
C:/Users/onluk/OneDrive/Desktop/CLONED 391 REPO/elec391/Piano_Bot/cubemx_testing/Core/Src/main.c:434:6:HAL_TIM_PeriodElapsedCallback	16	static
C:/Users/onluk/OneDrive/Desktop/CLONED 391 REPO/elec391/Piano_Bot/cubemx_testing/Core/Src/main.c:452:6:Error_Handler	4	static
